warning: fields `cell_size`, `cols`, `rows`, and `scheme` are never read
  --> visionctl/src/primitives/grid.rs:86:9
   |
85 | pub struct GridMetadata {
   |            ------------ fields in this struct
86 |     pub cell_size: u32,
   |         ^^^^^^^^^
87 |     pub cols: u32,
   |         ^^^^
88 |     pub rows: u32,
   |         ^^^^
89 |     pub scheme: LabelScheme,
   |         ^^^^^^
   |
   = note: `GridMetadata` has derived impls for the traits `Debug` and `Clone`, but these are intentionally ignored during dead code analysis
   = note: `#[warn(dead_code)]` (part of `#[warn(unused)]`) on by default

warning: fields `width`, `height`, `grid`, and `cursor_pos` are never read
  --> visionctl/src/primitives/screenshot.rs:22:9
   |
20 | pub struct ScreenshotData {
   |            -------------- fields in this struct
21 |     pub png_bytes: Vec<u8>,
22 |     pub width: u32,
   |         ^^^^^
23 |     pub height: u32,
   |         ^^^^^^
24 |     pub grid: Option<GridMetadata>,
   |         ^^^^
25 |     pub cursor_pos: Option<CursorPos>,
   |         ^^^^^^^^^^
   |
   = note: `ScreenshotData` has derived impls for the traits `Debug` and `Clone`, but these are intentionally ignored during dead code analysis

warning: `visionctl` (lib) generated 2 warnings
    Finished `test` profile [unoptimized + debuginfo] target(s) in 0.13s
     Running unittests src/lib.rs (target/debug/deps/inputctl-1f4a88ecd0181d36)

running 0 tests

test result: ok. 0 passed; 0 failed; 0 ignored; 0 measured; 19 filtered out; finished in 0.00s

     Running tests/integration.rs (target/debug/deps/integration-48428d92f10b235e)

running 1 test

=== Mouse Movement Accuracy Test ===

Initial cursor position: (3518, 581)

Test: Move right 100px (100, 0)
  Before: (3518, 581)
  After:  (3593, 581)
  Requested: (100, 0)
  Actual:    (75, 0)
  Error:     (25, 0)
  Scale:     (0.7500, 1.0000)

Test: Move down 100px (0, 100)
  Before: (3593, 581)
  After:  (3593, 681)
  Requested: (0, 100)
  Actual:    (0, 100)
  Error:     (0, 0)
  Scale:     (1.0000, 1.0000)

Test: Move left 100px (-100, 0)
  Before: (3593, 681)
  After:  (3493, 681)
  Requested: (-100, 0)
  Actual:    (-100, 0)
  Error:     (0, 0)
  Scale:     (1.0000, 1.0000)

Test: Move up 100px (0, -100)
  Before: (3493, 681)
  After:  (3493, 581)
  Requested: (0, -100)
  Actual:    (0, -100)
  Error:     (0, 0)
  Scale:     (1.0000, 1.0000)

Test: Move diagonal 50,50 (50, 50)
  Before: (3493, 581)
  After:  (3543, 631)
  Requested: (50, 50)
  Actual:    (50, 50)
  Error:     (0, 0)
  Scale:     (1.0000, 1.0000)

Test: Move diagonal -50,-50 (-50, -50)
  Before: (3543, 631)
  After:  (3493, 581)
  Requested: (-50, -50)
  Actual:    (-50, -50)
  Error:     (0, 0)
  Scale:     (1.0000, 1.0000)

=== Scaling Analysis ===
Average scaling factor: 0.9688
Compensation factor needed: 1.0323
All scale factors: [0.75, 1.0, 1.0, 1.0, 1.0, 1.0, 1.0, 1.0]

=== FAILURES ===
  right 100px: expected (100, 0), got (75, 0), error (25, 0)

thread 'test_mouse_movement_accuracy' (4047705) panicked at inputctl/tests/integration.rs:276:9:

1 test cases failed. See scaling analysis above.
note: run with `RUST_BACKTRACE=1` environment variable to display a backtrace
test test_mouse_movement_accuracy ... FAILED

failures:

failures:
    test_mouse_movement_accuracy

test result: FAILED. 0 passed; 1 failed; 0 ignored; 0 measured; 17 filtered out; finished in 3.24s

error: test failed, to rerun pass `-p inputctl --test integration`
